[2024-11-13T12:26:37.953+0000][gc] Using G1
[2024-11-13T12:26:37.956+0000][gc,init] Version: 17.0.2+8-86 (release)
[2024-11-13T12:26:37.956+0000][gc,init] CPUs: 16 total, 16 available
[2024-11-13T12:26:37.957+0000][gc,init] Memory: 7837M
[2024-11-13T12:26:37.957+0000][gc,init] Large Page Support: Disabled
[2024-11-13T12:26:37.957+0000][gc,init] NUMA Support: Disabled
[2024-11-13T12:26:37.957+0000][gc,init] Compressed Oops: Enabled (32-bit)
[2024-11-13T12:26:37.957+0000][gc,init] Heap Region Size: 1M
[2024-11-13T12:26:37.957+0000][gc,init] Heap Min Capacity: 1G
[2024-11-13T12:26:37.957+0000][gc,init] Heap Initial Capacity: 1G
[2024-11-13T12:26:37.957+0000][gc,init] Heap Max Capacity: 1G
[2024-11-13T12:26:37.957+0000][gc,init] Pre-touch: Disabled
[2024-11-13T12:26:37.957+0000][gc,init] Parallel Workers: 13
[2024-11-13T12:26:37.957+0000][gc,init] Concurrent Workers: 3
[2024-11-13T12:26:37.957+0000][gc,init] Concurrent Refinement Workers: 13
[2024-11-13T12:26:37.957+0000][gc,init] Periodic GC: Disabled
[2024-11-13T12:26:37.957+0000][gc,metaspace] CDS archive(s) mapped at: [0x0000000800000000-0x0000000800bf0000-0x0000000800bf0000), size 12517376, SharedBaseAddress: 0x0000000800000000, ArchiveRelocationMode: 0.
[2024-11-13T12:26:37.958+0000][gc,metaspace] Compressed class space mapped at: 0x0000000800c00000-0x0000000840c00000, reserved size: 1073741824
[2024-11-13T12:26:37.958+0000][gc,metaspace] Narrow klass base: 0x0000000800000000, Narrow klass shift: 0, Narrow klass range: 0x100000000
[2024-11-13T12:26:38.364+0000][gc,start    ] GC(0) Pause Young (Normal) (G1 Evacuation Pause)
[2024-11-13T12:26:38.365+0000][gc,task     ] GC(0) Using 13 workers of 13 for evacuation
[2024-11-13T12:26:38.367+0000][gc,phases   ] GC(0)   Pre Evacuate Collection Set: 0.2ms
[2024-11-13T12:26:38.367+0000][gc,phases   ] GC(0)   Merge Heap Roots: 0.1ms
[2024-11-13T12:26:38.367+0000][gc,phases   ] GC(0)   Evacuate Collection Set: 1.3ms
[2024-11-13T12:26:38.367+0000][gc,phases   ] GC(0)   Post Evacuate Collection Set: 0.4ms
[2024-11-13T12:26:38.367+0000][gc,phases   ] GC(0)   Other: 1.1ms
[2024-11-13T12:26:38.367+0000][gc,heap     ] GC(0) Eden regions: 51->0(44)
[2024-11-13T12:26:38.367+0000][gc,heap     ] GC(0) Survivor regions: 0->7(7)
[2024-11-13T12:26:38.367+0000][gc,heap     ] GC(0) Old regions: 0->0
[2024-11-13T12:26:38.367+0000][gc,heap     ] GC(0) Archive regions: 2->2
[2024-11-13T12:26:38.367+0000][gc,heap     ] GC(0) Humongous regions: 0->0
[2024-11-13T12:26:38.367+0000][gc,metaspace] GC(0) Metaspace: 19205K(19392K)->19205K(19392K) NonClass: 16886K(17024K)->16886K(17024K) Class: 2318K(2368K)->2318K(2368K)
[2024-11-13T12:26:38.367+0000][gc          ] GC(0) Pause Young (Normal) (G1 Evacuation Pause) 51M->7M(1024M) 3.535ms
[2024-11-13T12:26:38.367+0000][gc,cpu      ] GC(0) User=0.01s Sys=0.01s Real=0.00s
[2024-11-13T12:26:38.416+0000][gc,start    ] GC(1) Pause Young (Concurrent Start) (Metadata GC Threshold)
[2024-11-13T12:26:38.416+0000][gc,task     ] GC(1) Using 13 workers of 13 for evacuation
[2024-11-13T12:26:38.418+0000][gc,phases   ] GC(1)   Pre Evacuate Collection Set: 0.1ms
[2024-11-13T12:26:38.418+0000][gc,phases   ] GC(1)   Merge Heap Roots: 0.1ms
[2024-11-13T12:26:38.418+0000][gc,phases   ] GC(1)   Evacuate Collection Set: 1.9ms
[2024-11-13T12:26:38.418+0000][gc,phases   ] GC(1)   Post Evacuate Collection Set: 0.4ms
[2024-11-13T12:26:38.418+0000][gc,phases   ] GC(1)   Other: 0.2ms
[2024-11-13T12:26:38.418+0000][gc,heap     ] GC(1) Eden regions: 9->0(49)
[2024-11-13T12:26:38.419+0000][gc,heap     ] GC(1) Survivor regions: 7->2(7)
[2024-11-13T12:26:38.419+0000][gc,heap     ] GC(1) Old regions: 0->7
[2024-11-13T12:26:38.419+0000][gc,heap     ] GC(1) Archive regions: 2->2
[2024-11-13T12:26:38.419+0000][gc,heap     ] GC(1) Humongous regions: 129->129
[2024-11-13T12:26:38.419+0000][gc,metaspace] GC(1) Metaspace: 21301K(21504K)->21301K(21504K) NonClass: 18752K(18816K)->18752K(18816K) Class: 2549K(2688K)->2549K(2688K)
[2024-11-13T12:26:38.419+0000][gc          ] GC(1) Pause Young (Concurrent Start) (Metadata GC Threshold) 145M->138M(1024M) 3.133ms
[2024-11-13T12:26:38.419+0000][gc,cpu      ] GC(1) User=0.01s Sys=0.01s Real=0.00s
[2024-11-13T12:26:38.419+0000][gc          ] GC(2) Concurrent Mark Cycle
[2024-11-13T12:26:38.419+0000][gc,marking  ] GC(2) Concurrent Clear Claimed Marks
[2024-11-13T12:26:38.419+0000][gc,marking  ] GC(2) Concurrent Clear Claimed Marks 0.065ms
[2024-11-13T12:26:38.419+0000][gc,marking  ] GC(2) Concurrent Scan Root Regions
[2024-11-13T12:26:38.420+0000][gc,marking  ] GC(2) Concurrent Scan Root Regions 1.050ms
[2024-11-13T12:26:38.420+0000][gc,marking  ] GC(2) Concurrent Mark
[2024-11-13T12:26:38.420+0000][gc,marking  ] GC(2) Concurrent Mark From Roots
[2024-11-13T12:26:38.420+0000][gc,task     ] GC(2) Using 3 workers of 3 for marking
[2024-11-13T12:26:38.421+0000][gc,marking  ] GC(2) Concurrent Mark From Roots 0.748ms
[2024-11-13T12:26:38.421+0000][gc,marking  ] GC(2) Concurrent Preclean
[2024-11-13T12:26:38.421+0000][gc,marking  ] GC(2) Concurrent Preclean 0.083ms
[2024-11-13T12:26:38.422+0000][gc,start    ] GC(2) Pause Remark
[2024-11-13T12:26:38.423+0000][gc          ] GC(2) Pause Remark 139M->139M(1024M) 1.011ms
[2024-11-13T12:26:38.423+0000][gc,cpu      ] GC(2) User=0.01s Sys=0.00s Real=0.00s
[2024-11-13T12:26:38.423+0000][gc,marking  ] GC(2) Concurrent Mark 2.632ms
[2024-11-13T12:26:38.423+0000][gc,marking  ] GC(2) Concurrent Rebuild Remembered Sets
[2024-11-13T12:26:38.424+0000][gc,marking  ] GC(2) Concurrent Rebuild Remembered Sets 0.779ms
[2024-11-13T12:26:38.425+0000][gc,start    ] GC(2) Pause Cleanup
[2024-11-13T12:26:38.425+0000][gc          ] GC(2) Pause Cleanup 139M->139M(1024M) 0.222ms
[2024-11-13T12:26:38.425+0000][gc,cpu      ] GC(2) User=0.00s Sys=0.00s Real=0.00s
[2024-11-13T12:26:38.425+0000][gc,marking  ] GC(2) Concurrent Cleanup for Next Mark
[2024-11-13T12:26:38.425+0000][gc,marking  ] GC(2) Concurrent Cleanup for Next Mark 0.228ms
[2024-11-13T12:26:38.425+0000][gc          ] GC(2) Concurrent Mark Cycle 6.416ms
[2024-11-13T12:26:43.429+0000][gc,heap,exit] Heap
[2024-11-13T12:26:43.429+0000][gc,heap,exit]  garbage-first heap   total 1048576K, used 179998K [0x00000000c0000000, 0x0000000100000000)
[2024-11-13T12:26:43.429+0000][gc,heap,exit]   region size 1024K, 40 young (40960K), 2 survivors (2048K)
[2024-11-13T12:26:43.430+0000][gc,heap,exit]  Metaspace       used 29031K, committed 29248K, reserved 1081344K
[2024-11-13T12:26:43.430+0000][gc,heap,exit]   class space    used 3290K, committed 3392K, reserved 1048576K
