[2024-11-13T12:24:57.976+0000][gc] Using G1
[2024-11-13T12:24:57.978+0000][gc,init] Version: 17.0.2+8-86 (release)
[2024-11-13T12:24:57.978+0000][gc,init] CPUs: 16 total, 16 available
[2024-11-13T12:24:57.978+0000][gc,init] Memory: 7837M
[2024-11-13T12:24:57.979+0000][gc,init] Large Page Support: Disabled
[2024-11-13T12:24:57.979+0000][gc,init] NUMA Support: Disabled
[2024-11-13T12:24:57.979+0000][gc,init] Compressed Oops: Enabled (32-bit)
[2024-11-13T12:24:57.979+0000][gc,init] Heap Region Size: 1M
[2024-11-13T12:24:57.979+0000][gc,init] Heap Min Capacity: 512M
[2024-11-13T12:24:57.979+0000][gc,init] Heap Initial Capacity: 512M
[2024-11-13T12:24:57.979+0000][gc,init] Heap Max Capacity: 512M
[2024-11-13T12:24:57.979+0000][gc,init] Pre-touch: Disabled
[2024-11-13T12:24:57.979+0000][gc,init] Parallel Workers: 13
[2024-11-13T12:24:57.979+0000][gc,init] Concurrent Workers: 3
[2024-11-13T12:24:57.979+0000][gc,init] Concurrent Refinement Workers: 13
[2024-11-13T12:24:57.979+0000][gc,init] Periodic GC: Disabled
[2024-11-13T12:24:57.979+0000][gc,metaspace] CDS archive(s) mapped at: [0x0000000800000000-0x0000000800bf0000-0x0000000800bf0000), size 12517376, SharedBaseAddress: 0x0000000800000000, ArchiveRelocationMode: 0.
[2024-11-13T12:24:57.979+0000][gc,metaspace] Compressed class space mapped at: 0x0000000800c00000-0x0000000840c00000, reserved size: 1073741824
[2024-11-13T12:24:57.979+0000][gc,metaspace] Narrow klass base: 0x0000000800000000, Narrow klass shift: 0, Narrow klass range: 0x100000000
[2024-11-13T12:24:58.419+0000][gc,start    ] GC(0) Pause Young (Normal) (G1 Evacuation Pause)
[2024-11-13T12:24:58.419+0000][gc,task     ] GC(0) Using 12 workers of 13 for evacuation
[2024-11-13T12:24:58.421+0000][gc,phases   ] GC(0)   Pre Evacuate Collection Set: 0.1ms
[2024-11-13T12:24:58.421+0000][gc,phases   ] GC(0)   Merge Heap Roots: 0.0ms
[2024-11-13T12:24:58.421+0000][gc,phases   ] GC(0)   Evacuate Collection Set: 1.1ms
[2024-11-13T12:24:58.421+0000][gc,phases   ] GC(0)   Post Evacuate Collection Set: 0.3ms
[2024-11-13T12:24:58.421+0000][gc,phases   ] GC(0)   Other: 0.6ms
[2024-11-13T12:24:58.421+0000][gc,heap     ] GC(0) Eden regions: 25->0(21)
[2024-11-13T12:24:58.421+0000][gc,heap     ] GC(0) Survivor regions: 0->4(4)
[2024-11-13T12:24:58.421+0000][gc,heap     ] GC(0) Old regions: 0->2
[2024-11-13T12:24:58.421+0000][gc,heap     ] GC(0) Archive regions: 2->2
[2024-11-13T12:24:58.421+0000][gc,heap     ] GC(0) Humongous regions: 0->0
[2024-11-13T12:24:58.421+0000][gc,metaspace] GC(0) Metaspace: 7474K(7616K)->7474K(7616K) NonClass: 6646K(6720K)->6646K(6720K) Class: 827K(896K)->827K(896K)
[2024-11-13T12:24:58.421+0000][gc          ] GC(0) Pause Young (Normal) (G1 Evacuation Pause) 25M->6M(512M) 2.491ms
[2024-11-13T12:24:58.421+0000][gc,cpu      ] GC(0) User=0.01s Sys=0.00s Real=0.00s
